src/app/checkout/page.tsx(4,35): error TS2307: Cannot find module '@/lib/tambo' or its corresponding type declarations.
src/app/checkout/page.tsx(8,36): error TS2307: Cannot find module '@/components/mmt/ReviewDetailsModal' or its corresponding type declarations.
src/app/checkout/page.tsx(14,8): error TS2307: Cannot find module '@/components/tambo/message-input' or its corresponding type declarations.
src/app/checkout/page.tsx(15,44): error TS2307: Cannot find module '@/components/tambo/scrollable-message-container' or its corresponding type declarations.
src/app/checkout/page.tsx(19,8): error TS2307: Cannot find module '@/components/tambo/thread-content' or its corresponding type declarations.
src/app/checkout/page.tsx(50,24): error TS2322: Type '{ children: string; jsx: true; global: true; }' is not assignable to type 'DetailedHTMLProps<StyleHTMLAttributes<HTMLStyleElement>, HTMLStyleElement>'.
  Property 'jsx' does not exist on type 'DetailedHTMLProps<StyleHTMLAttributes<HTMLStyleElement>, HTMLStyleElement>'.
